stm32f3xx_it.c:57:6:NMI_Handler	0	static
stm32f3xx_it.c:70:6:HardFault_Handler	0	static
stm32f3xx_it.c:88:6:MemManage_Handler	0	static
stm32f3xx_it.c:106:6:BusFault_Handler	0	static
stm32f3xx_it.c:124:6:UsageFault_Handler	0	static
stm32f3xx_it.c:142:6:SVC_Handler	0	static
stm32f3xx_it.c:155:6:DebugMon_Handler	0	static
stm32f3xx_it.c:168:6:PendSV_Handler	0	static
stm32f3xx_it.c:181:6:SysTick_Handler	8	static
stm32f3xx_it.c:203:6:TIM1_BRK_TIM15_IRQHandler	0	static
stm32f3xx_it.c:217:6:TIM1_UP_TIM16_IRQHandler	0	static
stm32f3xx_it.c:231:6:TIM1_TRG_COM_TIM17_IRQHandler	0	static
stm32f3xx_it.c:245:6:TIM2_IRQHandler	0	static
stm32f3xx_it.c:259:6:TIM3_IRQHandler	0	static
stm32f3xx_it.c:273:6:TIM4_IRQHandler	0	static
